Это тестовый лог.